18:51:54.819 [main] INFO org.springframework.test.context.support.AnnotationConfigContextLoaderUtils -- Could not detect default configuration classes for test class [com.mapmyjourney.backend.BackendApplicationTests]: BackendApplicationTests does not declare any static, non-private, non-final, nested classes annotated with @Configuration.
18:51:54.918 [main] INFO org.springframework.boot.test.context.SpringBootTestContextBootstrapper -- Found @SpringBootConfiguration com.mapmyjourney.backend.BackendApplication for test class com.mapmyjourney.backend.BackendApplicationTests

  .   ____          _            __ _ _
 /\\ / ___'_ __ _ _(_)_ __  __ _ \ \ \ \
( ( )\___ | '_ | '_| | '_ \/ _` | \ \ \ \
 \\/  ___)| |_)| | | | | || (_| |  ) ) ) )
  '  |____| .__|_| |_|_| |_\__, | / / / /
 =========|_|==============|___/=/_/_/_/

 :: Spring Boot ::                (v3.5.6)

2025-12-15T18:51:55.302+01:00  INFO 31528 --- [mapmyjourney-backend] [           main] c.m.backend.BackendApplicationTests      : Starting BackendApplicationTests using Java 21.0.8 with PID 31528 (started by alexb in C:\Users\alexb\Desktop\Repositorios\MapMyJourney\backend)
2025-12-15T18:51:55.303+01:00 DEBUG 31528 --- [mapmyjourney-backend] [           main] c.m.backend.BackendApplicationTests      : Running with Spring Boot v3.5.6, Spring v6.2.11
2025-12-15T18:51:55.304+01:00  INFO 31528 --- [mapmyjourney-backend] [           main] c.m.backend.BackendApplicationTests      : No active profile set, falling back to 1 default profile: "default"
2025-12-15T18:51:56.210+01:00  INFO 31528 --- [mapmyjourney-backend] [           main] .s.d.r.c.RepositoryConfigurationDelegate : Bootstrapping Spring Data JPA repositories in DEFAULT mode.
2025-12-15T18:51:56.345+01:00  INFO 31528 --- [mapmyjourney-backend] [           main] .s.d.r.c.RepositoryConfigurationDelegate : Finished Spring Data repository scanning in 120 ms. Found 5 JPA repository interfaces.
2025-12-15T18:51:57.144+01:00  INFO 31528 --- [mapmyjourney-backend] [           main] o.hibernate.jpa.internal.util.LogHelper  : HHH000204: Processing PersistenceUnitInfo [name: default]
2025-12-15T18:51:57.249+01:00  INFO 31528 --- [mapmyjourney-backend] [           main] org.hibernate.Version                    : HHH000412: Hibernate ORM core version 6.6.29.Final
2025-12-15T18:51:57.296+01:00  INFO 31528 --- [mapmyjourney-backend] [           main] o.h.c.internal.RegionFactoryInitiator    : HHH000026: Second-level cache disabled
2025-12-15T18:51:57.609+01:00  INFO 31528 --- [mapmyjourney-backend] [           main] o.s.o.j.p.SpringPersistenceUnitInfo      : No LoadTimeWeaver setup: ignoring JPA class transformer
2025-12-15T18:51:57.636+01:00  INFO 31528 --- [mapmyjourney-backend] [           main] com.zaxxer.hikari.HikariDataSource       : HikariPool-1 - Starting...
2025-12-15T18:51:57.793+01:00  INFO 31528 --- [mapmyjourney-backend] [           main] com.zaxxer.hikari.pool.HikariPool        : HikariPool-1 - Added connection conn0: url=jdbc:h2:mem:mapmyjourney user=SA
2025-12-15T18:51:57.795+01:00  INFO 31528 --- [mapmyjourney-backend] [           main] com.zaxxer.hikari.HikariDataSource       : HikariPool-1 - Start completed.
2025-12-15T18:51:57.816+01:00  WARN 31528 --- [mapmyjourney-backend] [           main] org.hibernate.orm.deprecation            : HHH90000025: H2Dialect does not need to be specified explicitly using 'hibernate.dialect' (remove the property setting and it will be selected by default)
2025-12-15T18:51:57.833+01:00  INFO 31528 --- [mapmyjourney-backend] [           main] org.hibernate.orm.connections.pooling    : HHH10001005: Database info:
	Database JDBC URL [Connecting through datasource 'HikariDataSource (HikariPool-1)']
	Database driver: undefined/unknown
	Database version: 2.3.232
	Autocommit mode: undefined/unknown
	Isolation level: undefined/unknown
	Minimum pool size: undefined/unknown
	Maximum pool size: undefined/unknown
2025-12-15T18:51:58.638+01:00  INFO 31528 --- [mapmyjourney-backend] [           main] o.h.e.t.j.p.i.JtaPlatformInitiator       : HHH000489: No JTA platform available (set 'hibernate.transaction.jta.platform' to enable JTA platform integration)
2025-12-15T18:51:58.650+01:00 DEBUG 31528 --- [mapmyjourney-backend] [           main] org.hibernate.SQL                        : 
    drop table if exists expense_splits cascade 
Hibernate: 
    drop table if exists expense_splits cascade 
2025-12-15T18:51:58.654+01:00 DEBUG 31528 --- [mapmyjourney-backend] [           main] org.hibernate.SQL                        : 
    drop table if exists expenses cascade 
Hibernate: 
    drop table if exists expenses cascade 
2025-12-15T18:51:58.654+01:00 DEBUG 31528 --- [mapmyjourney-backend] [           main] org.hibernate.SQL                        : 
    drop table if exists trip_members cascade 
Hibernate: 
    drop table if exists trip_members cascade 
2025-12-15T18:51:58.654+01:00 DEBUG 31528 --- [mapmyjourney-backend] [           main] org.hibernate.SQL                        : 
    drop table if exists trips cascade 
Hibernate: 
    drop table if exists trips cascade 
2025-12-15T18:51:58.654+01:00 DEBUG 31528 --- [mapmyjourney-backend] [           main] org.hibernate.SQL                        : 
    drop table if exists users cascade 
Hibernate: 
    drop table if exists users cascade 
2025-12-15T18:51:58.658+01:00 DEBUG 31528 --- [mapmyjourney-backend] [           main] org.hibernate.SQL                        : 
    create table expense_splits (
        amount numeric(10,2) not null,
        paid boolean not null,
        percentage numeric(5,2),
        created_at timestamp(6) not null,
        expense_id bigint not null,
        id bigint generated by default as identity,
        participant_user_id bigint not null,
        primary key (id)
    )
Hibernate: 
    create table expense_splits (
        amount numeric(10,2) not null,
        paid boolean not null,
        percentage numeric(5,2),
        created_at timestamp(6) not null,
        expense_id bigint not null,
        id bigint generated by default as identity,
        participant_user_id bigint not null,
        primary key (id)
    )
2025-12-15T18:51:58.666+01:00 DEBUG 31528 --- [mapmyjourney-backend] [           main] org.hibernate.SQL                        : 
    create table expenses (
        amount numeric(10,2) not null,
        expense_date date not null,
        created_at timestamp(6) not null,
        id bigint generated by default as identity,
        paid_by_user_id bigint not null,
        trip_id bigint not null,
        updated_at timestamp(6) not null,
        description varchar(150) not null,
        receipt_url TEXT,
        split_type enum ('CUSTOM','EQUAL','MANUAL','PERCENTAGE') not null,
        primary key (id)
    )
Hibernate: 
    create table expenses (
        amount numeric(10,2) not null,
        expense_date date not null,
        created_at timestamp(6) not null,
        id bigint generated by default as identity,
        paid_by_user_id bigint not null,
        trip_id bigint not null,
        updated_at timestamp(6) not null,
        description varchar(150) not null,
        receipt_url TEXT,
        split_type enum ('CUSTOM','EQUAL','MANUAL','PERCENTAGE') not null,
        primary key (id)
    )
2025-12-15T18:51:58.667+01:00 DEBUG 31528 --- [mapmyjourney-backend] [           main] org.hibernate.SQL                        : 
    create table trip_members (
        id bigint generated by default as identity,
        joined_at timestamp(6) not null,
        trip_id bigint not null,
        user_id bigint not null,
        role enum ('EDITOR','OWNER','VIEWER') not null,
        primary key (id),
        unique (user_id, trip_id)
    )
Hibernate: 
    create table trip_members (
        id bigint generated by default as identity,
        joined_at timestamp(6) not null,
        trip_id bigint not null,
        user_id bigint not null,
        role enum ('EDITOR','OWNER','VIEWER') not null,
        primary key (id),
        unique (user_id, trip_id)
    )
2025-12-15T18:51:58.670+01:00 DEBUG 31528 --- [mapmyjourney-backend] [           main] org.hibernate.SQL                        : 
    create table trips (
        budget numeric(10,2),
        end_date date not null,
        start_date date not null,
        created_at timestamp(6) not null,
        id bigint generated by default as identity,
        trip_code varchar(8) not null unique,
        updated_at timestamp(6) not null,
        destination varchar(20) not null,
        title varchar(20) not null,
        description TEXT,
        primary key (id)
    )
Hibernate: 
    create table trips (
        budget numeric(10,2),
        end_date date not null,
        start_date date not null,
        created_at timestamp(6) not null,
        id bigint generated by default as identity,
        trip_code varchar(8) not null unique,
        updated_at timestamp(6) not null,
        destination varchar(20) not null,
        title varchar(20) not null,
        description TEXT,
        primary key (id)
    )
2025-12-15T18:51:58.671+01:00 DEBUG 31528 --- [mapmyjourney-backend] [           main] org.hibernate.SQL                        : 
    create table users (
        created_at timestamp(6) not null,
        id bigint generated by default as identity,
        updated_at timestamp(6) not null,
        name varchar(20) not null,
        email varchar(255) not null unique,
        password_hash varchar(255) not null,
        profile_picture TEXT,
        role enum ('ADMIN','USER') not null,
        primary key (id)
    )
Hibernate: 
    create table users (
        created_at timestamp(6) not null,
        id bigint generated by default as identity,
        updated_at timestamp(6) not null,
        name varchar(20) not null,
        email varchar(255) not null unique,
        password_hash varchar(255) not null,
        profile_picture TEXT,
        role enum ('ADMIN','USER') not null,
        primary key (id)
    )
2025-12-15T18:51:58.673+01:00 DEBUG 31528 --- [mapmyjourney-backend] [           main] org.hibernate.SQL                        : 
    alter table if exists expense_splits 
       add constraint FKqigr3qe91wgifpl6mak0xcdso 
       foreign key (expense_id) 
       references expenses
Hibernate: 
    alter table if exists expense_splits 
       add constraint FKqigr3qe91wgifpl6mak0xcdso 
       foreign key (expense_id) 
       references expenses
2025-12-15T18:51:58.689+01:00 DEBUG 31528 --- [mapmyjourney-backend] [           main] org.hibernate.SQL                        : 
    alter table if exists expense_splits 
       add constraint FKfeixicc94t7c2dhd7f718aj4x 
       foreign key (participant_user_id) 
       references users
Hibernate: 
    alter table if exists expense_splits 
       add constraint FKfeixicc94t7c2dhd7f718aj4x 
       foreign key (participant_user_id) 
       references users
2025-12-15T18:51:58.693+01:00 DEBUG 31528 --- [mapmyjourney-backend] [           main] org.hibernate.SQL                        : 
    alter table if exists expenses 
       add constraint FKo0m8jktfrmdbhhajx3qwr8ngr 
       foreign key (paid_by_user_id) 
       references users
Hibernate: 
    alter table if exists expenses 
       add constraint FKo0m8jktfrmdbhhajx3qwr8ngr 
       foreign key (paid_by_user_id) 
       references users
2025-12-15T18:51:58.695+01:00 DEBUG 31528 --- [mapmyjourney-backend] [           main] org.hibernate.SQL                        : 
    alter table if exists expenses 
       add constraint FK9twvm79qw1voae3xgtn1xq5y9 
       foreign key (trip_id) 
       references trips
Hibernate: 
    alter table if exists expenses 
       add constraint FK9twvm79qw1voae3xgtn1xq5y9 
       foreign key (trip_id) 
       references trips
2025-12-15T18:51:58.696+01:00 DEBUG 31528 --- [mapmyjourney-backend] [           main] org.hibernate.SQL                        : 
    alter table if exists trip_members 
       add constraint FKlrwxwvuaj3iddljvck3c3gtqr 
       foreign key (trip_id) 
       references trips
Hibernate: 
    alter table if exists trip_members 
       add constraint FKlrwxwvuaj3iddljvck3c3gtqr 
       foreign key (trip_id) 
       references trips
2025-12-15T18:51:58.698+01:00 DEBUG 31528 --- [mapmyjourney-backend] [           main] org.hibernate.SQL                        : 
    alter table if exists trip_members 
       add constraint FK652lcpk0gdigjfm28bhgu24y2 
       foreign key (user_id) 
       references users
Hibernate: 
    alter table if exists trip_members 
       add constraint FK652lcpk0gdigjfm28bhgu24y2 
       foreign key (user_id) 
       references users
2025-12-15T18:51:58.702+01:00  INFO 31528 --- [mapmyjourney-backend] [           main] j.LocalContainerEntityManagerFactoryBean : Initialized JPA EntityManagerFactory for persistence unit 'default'
2025-12-15T18:51:59.147+01:00  INFO 31528 --- [mapmyjourney-backend] [           main] o.s.d.j.r.query.QueryEnhancerFactory     : Hibernate is in classpath; If applicable, HQL parser will be used.
2025-12-15T18:51:59.910+01:00  INFO 31528 --- [mapmyjourney-backend] [           main] eAuthenticationProviderManagerConfigurer : Global AuthenticationManager configured with AuthenticationProvider bean with name daoAuthenticationProvider
2025-12-15T18:51:59.910+01:00  WARN 31528 --- [mapmyjourney-backend] [           main] r$InitializeUserDetailsManagerConfigurer : Global AuthenticationManager configured with an AuthenticationProvider bean. UserDetailsService beans will not be used by Spring Security for automatically configuring username/password login. Consider removing the AuthenticationProvider bean. Alternatively, consider using the UserDetailsService in a manually instantiated DaoAuthenticationProvider. If the current configuration is intentional, to turn off this warning, increase the logging level of 'org.springframework.security.config.annotation.authentication.configuration.InitializeUserDetailsBeanManagerConfigurer' to ERROR
2025-12-15T18:52:00.637+01:00  INFO 31528 --- [mapmyjourney-backend] [           main] o.s.b.a.h2.H2ConsoleAutoConfiguration    : H2 console available at '/h2-console'. Database available at 'jdbc:h2:mem:mapmyjourney'
2025-12-15T18:52:00.729+01:00  INFO 31528 --- [mapmyjourney-backend] [           main] c.m.backend.BackendApplicationTests      : Started BackendApplicationTests in 5.681 seconds (process running for 6.561)
Mockito is currently self-attaching to enable the inline-mock-maker. This will no longer work in future releases of the JDK. Please add Mockito as an agent to your build as described in Mockito's documentation: https://javadoc.io/doc/org.mockito/mockito-core/latest/org.mockito/org/mockito/Mockito.html#0.3
Java HotSpot(TM) 64-Bit Server VM warning: Sharing is only supported for boot loader classes because bootstrap classpath has been appended
WARNING: A Java agent has been loaded dynamically (C:\Users\alexb\.m2\repository\net\bytebuddy\byte-buddy-agent\1.17.7\byte-buddy-agent-1.17.7.jar)
WARNING: If a serviceability tool is in use, please run with -XX:+EnableDynamicAgentLoading to hide this warning
WARNING: If a serviceability tool is not in use, please run with -Djdk.instrument.traceUsage for more information
WARNING: Dynamic loading of agents will be disallowed by default in a future release
